2025-08-27 09:06:17.842 - INFO: [logger.js:246:9] service loader called.
2025-08-27 09:06:17.857 - INFO: [logger.js:246:9] controller loader called.
2025-08-27 09:06:17.857 - DEBUG: [logger.js:246:9] external_loader called.
2025-08-27 09:06:17.857 - DEBUG: [logger.js:246:9] No external configuration.
2025-08-27 09:06:18.110 - INFO: [logger.js:246:9] Http Server started.
2025-08-27 09:06:18.111 - INFO: [logger.js:246:9] Base URL -> http://localhost:8001
2025-08-27 09:06:18.111 - INFO: [logger.js:246:9] Namespace -> ::_8001_9872
2025-08-27 09:06:18.116 - DEBUG: [logger.js:246:9] database SQL file loaded.
2025-08-27 09:45:27.969 - INFO: [logger.js:246:9] service loader called.
2025-08-27 09:45:27.982 - INFO: [logger.js:246:9] controller loader called.
2025-08-27 09:45:27.983 - DEBUG: [logger.js:246:9] external_loader called.
2025-08-27 09:45:27.983 - DEBUG: [logger.js:246:9] No external configuration.
2025-08-27 09:45:28.210 - INFO: [logger.js:246:9] Http Server started.
2025-08-27 09:45:28.211 - INFO: [logger.js:246:9] Base URL -> http://localhost:8001
2025-08-27 09:45:28.211 - INFO: [logger.js:246:9] Namespace -> ::_8001_14520
2025-08-27 09:45:28.216 - DEBUG: [logger.js:246:9] database SQL file loaded.
2025-08-27 09:46:08.257 - DEBUG: [logger.js:246:9] Animal::list 호출됨.
2025-08-27 09:46:08.258 - DEBUG: [logger.js:246:9] POST /animal/v1/list requested
2025-08-27 09:46:08.258 - DEBUG: [logger.js:246:9] PARAMS -> {"page":1,"perPage":2}
2025-08-27 09:46:08.283 - DEBUG: [logger.js:246:9] SQL -> select count(*) as total
                from test.animal
2025-08-27 09:46:08.285 - DEBUG: [logger.js:246:9] SQL -> select id,type, name, age, mobile, path
              from test.animal  limit 0, 2 
2025-08-27 09:54:28.030 - DEBUG: [logger.js:246:9] Animal::list 호출됨.
2025-08-27 09:54:28.030 - DEBUG: [logger.js:246:9] POST /animal/v1/list requested
2025-08-27 09:54:28.031 - DEBUG: [logger.js:246:9] PARAMS -> {"page":1,"perPage":2}
2025-08-27 09:54:28.032 - DEBUG: [logger.js:246:9] SQL -> select count(*) as total
                from test.animal
2025-08-27 09:54:28.034 - DEBUG: [logger.js:246:9] SQL -> select id,type, name, age, mobile, path
              from test.animal  limit 0, 2 
2025-08-27 10:15:47.452 - DEBUG: [logger.js:246:9] Animal::list 호출됨.
2025-08-27 10:15:47.452 - DEBUG: [logger.js:246:9] POST /animal/v1/list requested
2025-08-27 10:15:47.453 - DEBUG: [logger.js:246:9] PARAMS -> {"page":1,"perPage":2}
2025-08-27 10:15:47.454 - DEBUG: [logger.js:246:9] SQL -> select count(*) as total
                from test.animal
2025-08-27 10:15:47.455 - DEBUG: [logger.js:246:9] SQL -> select id,type, name, age, mobile, path
              from test.animal  limit 0, 2 
2025-08-27 10:20:31.624 - DEBUG: [logger.js:246:9] Animal::list 호출됨.
2025-08-27 10:20:31.635 - DEBUG: [logger.js:246:9] POST /animal/v1/list requested
2025-08-27 10:20:31.636 - DEBUG: [logger.js:246:9] PARAMS -> {"page":1,"perPage":2}
2025-08-27 10:20:31.641 - DEBUG: [logger.js:246:9] SQL -> select count(*) as total
                from test.animal
2025-08-27 10:20:31.649 - DEBUG: [logger.js:246:9] SQL -> select id,type, name, age, mobile, path
              from test.animal  limit 0, 2 
2025-08-27 10:20:31.713 - DEBUG: [logger.js:246:9] Animal::list 호출됨.
2025-08-27 10:20:31.713 - DEBUG: [logger.js:246:9] POST /animal/v1/list requested
2025-08-27 10:20:31.714 - DEBUG: [logger.js:246:9] PARAMS -> {"page":1,"perPage":2}
2025-08-27 10:20:31.716 - DEBUG: [logger.js:246:9] SQL -> select count(*) as total
                from test.animal
2025-08-27 10:20:31.720 - DEBUG: [logger.js:246:9] SQL -> select id,type, name, age, mobile, path
              from test.animal  limit 0, 2 
2025-08-27 10:22:16.675 - DEBUG: [logger.js:246:9] Animal::list 호출됨.
2025-08-27 10:22:16.675 - DEBUG: [logger.js:246:9] POST /animal/v1/list requested
2025-08-27 10:22:16.677 - DEBUG: [logger.js:246:9] PARAMS -> {"page":1,"perPage":2}
2025-08-27 10:22:16.678 - DEBUG: [logger.js:246:9] SQL -> select count(*) as total
                from test.animal
2025-08-27 10:22:16.679 - DEBUG: [logger.js:246:9] SQL -> select id,type, name, age, mobile, path
              from test.animal  limit 0, 2 
2025-08-27 10:23:06.484 - DEBUG: [logger.js:246:9] Animal::list 호출됨.
2025-08-27 10:23:06.486 - DEBUG: [logger.js:246:9] POST /animal/v1/list requested
2025-08-27 10:23:06.489 - DEBUG: [logger.js:246:9] PARAMS -> {"page":1,"perPage":2}
2025-08-27 10:23:06.494 - DEBUG: [logger.js:246:9] SQL -> select count(*) as total
                from test.animal
2025-08-27 10:23:06.497 - DEBUG: [logger.js:246:9] SQL -> select id,type, name, age, mobile, path
              from test.animal  limit 0, 2 
2025-08-27 10:23:18.767 - DEBUG: [logger.js:246:9] POST /profile/upload requested
2025-08-27 10:23:18.768 - DEBUG: [logger.js:246:9] PARAMS -> {}
2025-08-27 10:23:18.769 - DEBUG: [logger.js:246:9] FILES
2025-08-27 10:23:18.769 - DEBUG: [logger.js:246:9] [{"fieldname":"photo","originalname":"17562577904384294036606665552122.jpg","encoding":"7bit","mimetype":"image/jpeg","destination":"uploads","filename":"175625779043842940366066655521221756257798619.jpg","path":"uploads\\175625779043842940366066655521221756257798619.jpg","size":1879790}]
2025-08-27 10:23:18.770 - DEBUG: [logger.js:246:9] File copied to C:\LX_AC\jaegon\JavaScript\server\ubiaccess-framework\controllers/../public/images/175625779043842940366066655521221756257798619.jpg
2025-08-27 10:23:18.784 - DEBUG: [logger.js:246:9] Animal::add 호출됨.
2025-08-27 10:23:18.785 - DEBUG: [logger.js:246:9] POST /animal/v1/add requested
2025-08-27 10:23:18.785 - DEBUG: [logger.js:246:9] PARAMS -> {"type":"","name":"","age":"","mobile":"","path":"http://172.168.10.15:8001/images/175625779043842940366066655521221756257798619.jpg"}
2025-08-27 10:23:18.791 - DEBUG: [logger.js:246:9] SQL -> insert into test.animal(type, name, age, mobile, path)
              values
                  ('', '', '', '', 'http://172.168.10.15:8001/images/175625779043842940366066655521221756257798619.jpg')
2025-08-27 10:23:18.792 - DEBUG: [logger.js:246:9] Error in executing SQL -> Error: ER_TRUNCATED_WRONG_VALUE_FOR_FIELD: Incorrect integer value: '' for column `test`.`animal`.`age` at row 1
2025-08-27 10:24:36.638 - DEBUG: [logger.js:246:9] Animal::list 호출됨.
2025-08-27 10:24:36.639 - DEBUG: [logger.js:246:9] POST /animal/v1/list requested
2025-08-27 10:24:36.643 - DEBUG: [logger.js:246:9] PARAMS -> {"page":1,"perPage":2}
2025-08-27 10:24:36.646 - DEBUG: [logger.js:246:9] SQL -> select count(*) as total
                from test.animal
2025-08-27 10:24:36.649 - DEBUG: [logger.js:246:9] SQL -> select id,type, name, age, mobile, path
              from test.animal  limit 0, 2 
2025-08-27 10:25:04.898 - DEBUG: [logger.js:246:9] POST /profile/upload requested
2025-08-27 10:25:04.898 - DEBUG: [logger.js:246:9] PARAMS -> {}
2025-08-27 10:25:04.899 - DEBUG: [logger.js:246:9] FILES
2025-08-27 10:25:04.899 - DEBUG: [logger.js:246:9] [{"fieldname":"photo","originalname":"17562578992921659749126144304788.jpg","encoding":"7bit","mimetype":"image/jpeg","destination":"uploads","filename":"175625789929216597491261443047881756257904753.jpg","path":"uploads\\175625789929216597491261443047881756257904753.jpg","size":1770774}]
2025-08-27 10:25:04.902 - DEBUG: [logger.js:246:9] File copied to C:\LX_AC\jaegon\JavaScript\server\ubiaccess-framework\controllers/../public/images/175625789929216597491261443047881756257904753.jpg
2025-08-27 10:25:04.924 - DEBUG: [logger.js:246:9] Animal::add 호출됨.
2025-08-27 10:25:04.924 - DEBUG: [logger.js:246:9] POST /animal/v1/add requested
2025-08-27 10:25:04.925 - DEBUG: [logger.js:246:9] PARAMS -> {"type":"cat","name":"고양이","age":"21","mobile":"010-1000-1000","path":"http://172.168.10.15:8001/images/175625789929216597491261443047881756257904753.jpg"}
2025-08-27 10:25:04.930 - DEBUG: [logger.js:246:9] SQL -> insert into test.animal(type, name, age, mobile, path)
              values
                  ('cat', '고양이', '21', '010-1000-1000', 'http://172.168.10.15:8001/images/175625789929216597491261443047881756257904753.jpg')
2025-08-27 10:25:04.962 - DEBUG: [logger.js:246:9] Animal::list 호출됨.
2025-08-27 10:25:04.963 - DEBUG: [logger.js:246:9] POST /animal/v1/list requested
2025-08-27 10:25:04.963 - DEBUG: [logger.js:246:9] PARAMS -> {"page":1,"perPage":2}
2025-08-27 10:25:04.965 - DEBUG: [logger.js:246:9] SQL -> select count(*) as total
                from test.animal
2025-08-27 10:25:04.966 - DEBUG: [logger.js:246:9] SQL -> select id,type, name, age, mobile, path
              from test.animal  limit 0, 2 
2025-08-27 10:25:06.895 - DEBUG: [logger.js:246:9] Animal::list 호출됨.
2025-08-27 10:25:06.897 - DEBUG: [logger.js:246:9] POST /animal/v1/list requested
2025-08-27 10:25:06.899 - DEBUG: [logger.js:246:9] PARAMS -> {"page":4,"perPage":2}
2025-08-27 10:25:06.903 - DEBUG: [logger.js:246:9] SQL -> select count(*) as total
                from test.animal
2025-08-27 10:25:06.907 - DEBUG: [logger.js:246:9] SQL -> select id,type, name, age, mobile, path
              from test.animal  limit 6, 2 
2025-08-27 10:25:15.136 - DEBUG: [logger.js:246:9] Animal::list 호출됨.
2025-08-27 10:25:15.136 - DEBUG: [logger.js:246:9] POST /animal/v1/list requested
2025-08-27 10:25:15.137 - DEBUG: [logger.js:246:9] PARAMS -> {"page":1,"perPage":2}
2025-08-27 10:25:15.140 - DEBUG: [logger.js:246:9] SQL -> select count(*) as total
                from test.animal
2025-08-27 10:25:15.141 - DEBUG: [logger.js:246:9] SQL -> select id,type, name, age, mobile, path
              from test.animal  limit 0, 2 
2025-08-27 10:25:22.200 - DEBUG: [logger.js:246:9] Animal::list 호출됨.
2025-08-27 10:25:22.200 - DEBUG: [logger.js:246:9] POST /animal/v1/list requested
2025-08-27 10:25:22.201 - DEBUG: [logger.js:246:9] PARAMS -> {"page":4,"perPage":2}
2025-08-27 10:25:22.202 - DEBUG: [logger.js:246:9] SQL -> select count(*) as total
                from test.animal
2025-08-27 10:25:22.203 - DEBUG: [logger.js:246:9] SQL -> select id,type, name, age, mobile, path
              from test.animal  limit 6, 2 
2025-08-27 10:47:16.612 - DEBUG: [logger.js:246:9] Animal::list 호출됨.
2025-08-27 10:47:16.612 - DEBUG: [logger.js:246:9] POST /animal/v1/list requested
2025-08-27 10:47:16.614 - DEBUG: [logger.js:246:9] PARAMS -> {"page":1,"perPage":2}
2025-08-27 10:47:16.617 - DEBUG: [logger.js:246:9] SQL -> select count(*) as total
                from test.animal
2025-08-27 10:47:16.619 - DEBUG: [logger.js:246:9] SQL -> select id,type, name, age, mobile, path
              from test.animal  limit 0, 2 
2025-08-27 10:47:16.622 - DEBUG: [logger.js:246:9] Animal::list 호출됨.
2025-08-27 10:47:16.623 - DEBUG: [logger.js:246:9] POST /animal/v1/list requested
2025-08-27 10:47:16.624 - DEBUG: [logger.js:246:9] PARAMS -> {"page":1,"perPage":2}
2025-08-27 10:47:16.630 - DEBUG: [logger.js:246:9] SQL -> select count(*) as total
                from test.animal
2025-08-27 10:47:16.632 - DEBUG: [logger.js:246:9] SQL -> select id,type, name, age, mobile, path
              from test.animal  limit 0, 2 
2025-08-27 10:47:16.934 - DEBUG: [logger.js:246:9] Animal::list 호출됨.
2025-08-27 10:47:16.935 - DEBUG: [logger.js:246:9] POST /animal/v1/list requested
2025-08-27 10:47:16.936 - DEBUG: [logger.js:246:9] PARAMS -> {"page":1,"perPage":2}
2025-08-27 10:47:16.941 - DEBUG: [logger.js:246:9] SQL -> select count(*) as total
                from test.animal
2025-08-27 10:47:16.942 - DEBUG: [logger.js:246:9] SQL -> select id,type, name, age, mobile, path
              from test.animal  limit 0, 2 
2025-08-27 10:47:17.641 - DEBUG: [logger.js:246:9] Animal::list 호출됨.
2025-08-27 10:47:17.641 - DEBUG: [logger.js:246:9] POST /animal/v1/list requested
2025-08-27 10:47:17.642 - DEBUG: [logger.js:246:9] PARAMS -> {"page":2,"perPage":2}
2025-08-27 10:47:17.645 - DEBUG: [logger.js:246:9] SQL -> select count(*) as total
                from test.animal
2025-08-27 10:47:17.646 - DEBUG: [logger.js:246:9] SQL -> select id,type, name, age, mobile, path
              from test.animal  limit 2, 2 
2025-08-27 10:47:19.280 - DEBUG: [logger.js:246:9] Animal::list 호출됨.
2025-08-27 10:47:19.281 - DEBUG: [logger.js:246:9] POST /animal/v1/list requested
2025-08-27 10:47:19.283 - DEBUG: [logger.js:246:9] PARAMS -> {"page":3,"perPage":2}
2025-08-27 10:47:19.285 - DEBUG: [logger.js:246:9] SQL -> select count(*) as total
                from test.animal
2025-08-27 10:47:19.286 - DEBUG: [logger.js:246:9] SQL -> select id,type, name, age, mobile, path
              from test.animal  limit 4, 2 
2025-08-27 10:47:20.743 - DEBUG: [logger.js:246:9] Animal::list 호출됨.
2025-08-27 10:47:20.745 - DEBUG: [logger.js:246:9] POST /animal/v1/list requested
2025-08-27 10:47:20.745 - DEBUG: [logger.js:246:9] PARAMS -> {"page":4,"perPage":2}
2025-08-27 10:47:20.748 - DEBUG: [logger.js:246:9] SQL -> select count(*) as total
                from test.animal
2025-08-27 10:47:20.750 - DEBUG: [logger.js:246:9] SQL -> select id,type, name, age, mobile, path
              from test.animal  limit 6, 2 
2025-08-27 10:47:40.073 - DEBUG: [logger.js:246:9] Animal::list 호출됨.
2025-08-27 10:47:40.075 - DEBUG: [logger.js:246:9] POST /animal/v1/list requested
2025-08-27 10:47:40.076 - DEBUG: [logger.js:246:9] PARAMS -> {"page":1,"perPage":2}
2025-08-27 10:47:40.082 - DEBUG: [logger.js:246:9] SQL -> select count(*) as total
                from test.animal
2025-08-27 10:47:40.085 - DEBUG: [logger.js:246:9] SQL -> select id,type, name, age, mobile, path
              from test.animal  limit 0, 2 
2025-08-27 10:48:02.767 - DEBUG: [logger.js:246:9] POST /profile/upload requested
2025-08-27 10:48:02.767 - DEBUG: [logger.js:246:9] PARAMS -> {}
2025-08-27 10:48:02.773 - DEBUG: [logger.js:246:9] FILES
2025-08-27 10:48:02.774 - DEBUG: [logger.js:246:9] [{"fieldname":"photo","originalname":"IMG_8845.jpeg","encoding":"7bit","mimetype":"image/jpeg","destination":"uploads","filename":"IMG_88451756259281912.jpeg","path":"uploads\\IMG_88451756259281912.jpeg","size":1421283}]
2025-08-27 10:48:02.775 - DEBUG: [logger.js:246:9] File copied to C:\LX_AC\jaegon\JavaScript\server\ubiaccess-framework\controllers/../public/images/IMG_88451756259281912.jpeg
2025-08-27 10:48:02.862 - DEBUG: [logger.js:246:9] Animal::add 호출됨.
2025-08-27 10:48:02.863 - DEBUG: [logger.js:246:9] POST /animal/v1/add requested
2025-08-27 10:48:02.910 - DEBUG: [logger.js:246:9] PARAMS -> {"type":"cat","name":"노은호","age":"21","mobile":"21","path":"http://172.168.10.15:8001/images/IMG_88451756259281912.jpeg"}
2025-08-27 10:48:02.914 - DEBUG: [logger.js:246:9] SQL -> insert into test.animal(type, name, age, mobile, path)
              values
                  ('cat', '노은호', '21', '21', 'http://172.168.10.15:8001/images/IMG_88451756259281912.jpeg')
2025-08-27 10:48:02.949 - DEBUG: [logger.js:246:9] Animal::list 호출됨.
2025-08-27 10:48:02.950 - DEBUG: [logger.js:246:9] POST /animal/v1/list requested
2025-08-27 10:48:02.951 - DEBUG: [logger.js:246:9] PARAMS -> {"page":1,"perPage":2}
2025-08-27 10:48:02.953 - DEBUG: [logger.js:246:9] SQL -> select count(*) as total
                from test.animal
2025-08-27 10:48:02.953 - DEBUG: [logger.js:246:9] SQL -> select id,type, name, age, mobile, path
              from test.animal  limit 0, 2 
2025-08-27 10:48:05.360 - DEBUG: [logger.js:246:9] Animal::list 호출됨.
2025-08-27 10:48:05.362 - DEBUG: [logger.js:246:9] POST /animal/v1/list requested
2025-08-27 10:48:05.364 - DEBUG: [logger.js:246:9] PARAMS -> {"page":4,"perPage":2}
2025-08-27 10:48:05.367 - DEBUG: [logger.js:246:9] SQL -> select count(*) as total
                from test.animal
2025-08-27 10:48:05.369 - DEBUG: [logger.js:246:9] SQL -> select id,type, name, age, mobile, path
              from test.animal  limit 6, 2 
2025-08-27 10:48:45.164 - DEBUG: [logger.js:246:9] Animal::list 호출됨.
2025-08-27 10:48:45.165 - DEBUG: [logger.js:246:9] POST /animal/v1/list requested
2025-08-27 10:48:45.165 - DEBUG: [logger.js:246:9] PARAMS -> {"page":1,"perPage":2}
2025-08-27 10:48:45.166 - DEBUG: [logger.js:246:9] SQL -> select count(*) as total
                from test.animal
2025-08-27 10:48:45.167 - DEBUG: [logger.js:246:9] SQL -> select id,type, name, age, mobile, path
              from test.animal  limit 0, 2 
2025-08-27 11:22:06.329 - DEBUG: [logger.js:246:9] Animal::list 호출됨.
2025-08-27 11:26:34.549 - DEBUG: [logger.js:246:9] POST /animal/v1/list requested
2025-08-27 11:26:34.550 - DEBUG: [logger.js:246:9] PARAMS -> {"page":1,"perPage":2}
2025-08-27 11:26:34.563 - DEBUG: [logger.js:246:9] SQL -> select count(*) as total
                from test.animal
2025-08-27 11:26:34.566 - DEBUG: [logger.js:246:9] SQL -> select id,type, name, age, mobile, path
              from test.animal  limit 0, 2 
2025-08-27 11:26:34.568 - DEBUG: [logger.js:246:9] Animal::list 호출됨.
2025-08-27 11:26:34.569 - DEBUG: [logger.js:246:9] POST /animal/v1/list requested
2025-08-27 11:26:34.569 - DEBUG: [logger.js:246:9] PARAMS -> {"page":1,"perPage":2}
2025-08-27 11:26:34.571 - DEBUG: [logger.js:246:9] SQL -> select count(*) as total
                from test.animal
2025-08-27 11:26:34.572 - DEBUG: [logger.js:246:9] SQL -> select id,type, name, age, mobile, path
              from test.animal  limit 0, 2 
2025-08-27 11:26:34.574 - DEBUG: [logger.js:246:9] Animal::list 호출됨.
2025-08-27 11:26:34.574 - DEBUG: [logger.js:246:9] POST /animal/v1/list requested
2025-08-27 11:26:34.575 - DEBUG: [logger.js:246:9] PARAMS -> {"page":1,"perPage":2}
2025-08-27 11:26:34.575 - DEBUG: [logger.js:246:9] SQL -> select count(*) as total
                from test.animal
2025-08-27 11:26:34.576 - DEBUG: [logger.js:246:9] SQL -> select id,type, name, age, mobile, path
              from test.animal  limit 0, 2 
2025-08-27 11:26:37.176 - INFO: [logger.js:246:9] service loader called.
2025-08-27 11:26:37.190 - INFO: [logger.js:246:9] controller loader called.
2025-08-27 11:26:37.191 - DEBUG: [logger.js:246:9] external_loader called.
2025-08-27 11:26:37.191 - DEBUG: [logger.js:246:9] No external configuration.
2025-08-27 11:26:37.429 - INFO: [logger.js:246:9] Http Server started.
2025-08-27 11:26:37.430 - INFO: [logger.js:246:9] Base URL -> http://localhost:8001
2025-08-27 11:26:37.430 - INFO: [logger.js:246:9] Namespace -> ::_8001_12148
2025-08-27 11:26:37.435 - DEBUG: [logger.js:246:9] database SQL file loaded.
2025-08-27 12:03:45.098 - INFO: [logger.js:246:9] service loader called.
2025-08-27 12:03:45.120 - INFO: [logger.js:246:9] controller loader called.
2025-08-27 12:03:45.121 - DEBUG: [logger.js:246:9] external_loader called.
2025-08-27 12:03:45.121 - DEBUG: [logger.js:246:9] No external configuration.
2025-08-27 12:03:45.456 - INFO: [logger.js:246:9] Http Server started.
2025-08-27 12:03:45.457 - INFO: [logger.js:246:9] Base URL -> http://localhost:8001
2025-08-27 12:03:45.457 - INFO: [logger.js:246:9] Namespace -> ::_8001_10384
2025-08-27 12:03:45.467 - DEBUG: [logger.js:246:9] database SQL file loaded.
2025-08-27 14:26:21.644 - INFO: [logger.js:246:9] service loader called.
2025-08-27 14:26:21.656 - INFO: [logger.js:246:9] controller loader called.
2025-08-27 14:26:21.657 - DEBUG: [logger.js:246:9] external_loader called.
2025-08-27 14:26:21.657 - DEBUG: [logger.js:246:9] No external configuration.
2025-08-27 14:26:21.906 - INFO: [logger.js:246:9] Http Server started.
2025-08-27 14:26:21.907 - INFO: [logger.js:246:9] Base URL -> http://localhost:8001
2025-08-27 14:26:21.907 - INFO: [logger.js:246:9] Namespace -> ::_8001_7360
2025-08-27 14:26:21.913 - DEBUG: [logger.js:246:9] database SQL file loaded.
2025-08-27 14:27:39.497 - DEBUG: [logger.js:246:9] Animal::list 호출됨.
2025-08-27 14:27:39.498 - DEBUG: [logger.js:246:9] POST /animal/v1/list requested
2025-08-27 14:27:39.498 - DEBUG: [logger.js:246:9] PARAMS -> {"page":1,"perPage":2}
2025-08-27 14:27:39.522 - DEBUG: [logger.js:246:9] SQL -> select count(*) as total
                from test.animal
2025-08-27 14:27:39.524 - DEBUG: [logger.js:246:9] SQL -> select id,type, name, age, mobile, path
              from test.animal  limit 0, 2 
2025-08-27 14:36:20.839 - DEBUG: [logger.js:246:9] Animal::list 호출됨.
2025-08-27 14:36:20.890 - DEBUG: [logger.js:246:9] POST /animal/v1/list requested
2025-08-27 14:36:20.912 - DEBUG: [logger.js:246:9] PARAMS -> {"page":1,"perPage":2}
2025-08-27 14:36:20.915 - DEBUG: [logger.js:246:9] SQL -> select count(*) as total
                from test.animal
2025-08-27 14:36:20.917 - DEBUG: [logger.js:246:9] SQL -> select id,type, name, age, mobile, path
              from test.animal  limit 0, 2 
2025-08-27 14:42:59.292 - DEBUG: [logger.js:246:9] POST /profile/upload requested
2025-08-27 14:42:59.292 - DEBUG: [logger.js:246:9] PARAMS -> {"photo":""}
2025-08-27 14:42:59.292 - DEBUG: [logger.js:246:9] FILES
2025-08-27 14:42:59.293 - DEBUG: [logger.js:246:9] []
2025-08-27 14:44:08.694 - DEBUG: [logger.js:246:9] post::list 호출됨.
2025-08-27 14:44:08.695 - DEBUG: [logger.js:246:9] POST /post/v1/list requested
2025-08-27 14:44:08.695 - DEBUG: [logger.js:246:9] PARAMS -> {"page":1,"perPage":1}
2025-08-27 14:44:08.698 - DEBUG: [logger.js:246:9] SQL -> select count(*) as total from test.post
2025-08-27 14:44:08.700 - DEBUG: [logger.js:246:9] SQL -> 
            select id, title, contents, category, createDate, likes, comments, thumbnail,
                CASE
                    WHEN TIMESTAMPDIFF(MINUTE, createDate, NOW()) < 1
                        THEN '방금전'
                    WHEN TIMESTAMPDIFF(HOUR, createDate, NOW()) < 1
                        THEN CONCAT(TIMESTAMPDIFF(MINUTE, createDate, NOW()), '분전')
                    WHEN TIMESTAMPDIFF(DAY, createDate, NOW()) < 1
                        THEN CONCAT(TIMESTAMPDIFF(HOUR, createDate, NOW()), '시간전')
                    ELSE CONCAT(TIMESTAMPDIFF(DAY, createDate, NOW()), '일전')
                    END AS relativeTime
            from test.post
          limit 0, 1 
2025-08-27 14:44:10.299 - DEBUG: [logger.js:246:9] post::list 호출됨.
2025-08-27 14:44:10.299 - DEBUG: [logger.js:246:9] POST /post/v1/list requested
2025-08-27 14:44:10.300 - DEBUG: [logger.js:246:9] PARAMS -> {"page":2,"perPage":1}
2025-08-27 14:44:10.301 - DEBUG: [logger.js:246:9] SQL -> select count(*) as total from test.post
2025-08-27 14:44:10.304 - DEBUG: [logger.js:246:9] SQL -> 
            select id, title, contents, category, createDate, likes, comments, thumbnail,
                CASE
                    WHEN TIMESTAMPDIFF(MINUTE, createDate, NOW()) < 1
                        THEN '방금전'
                    WHEN TIMESTAMPDIFF(HOUR, createDate, NOW()) < 1
                        THEN CONCAT(TIMESTAMPDIFF(MINUTE, createDate, NOW()), '분전')
                    WHEN TIMESTAMPDIFF(DAY, createDate, NOW()) < 1
                        THEN CONCAT(TIMESTAMPDIFF(HOUR, createDate, NOW()), '시간전')
                    ELSE CONCAT(TIMESTAMPDIFF(DAY, createDate, NOW()), '일전')
                    END AS relativeTime
            from test.post
          limit 1, 1 
2025-08-27 14:44:10.722 - DEBUG: [logger.js:246:9] post::list 호출됨.
2025-08-27 14:44:10.722 - DEBUG: [logger.js:246:9] POST /post/v1/list requested
2025-08-27 14:44:10.722 - DEBUG: [logger.js:246:9] PARAMS -> {"page":3,"perPage":1}
2025-08-27 14:44:10.724 - DEBUG: [logger.js:246:9] SQL -> select count(*) as total from test.post
2025-08-27 14:44:10.726 - DEBUG: [logger.js:246:9] SQL -> 
            select id, title, contents, category, createDate, likes, comments, thumbnail,
                CASE
                    WHEN TIMESTAMPDIFF(MINUTE, createDate, NOW()) < 1
                        THEN '방금전'
                    WHEN TIMESTAMPDIFF(HOUR, createDate, NOW()) < 1
                        THEN CONCAT(TIMESTAMPDIFF(MINUTE, createDate, NOW()), '분전')
                    WHEN TIMESTAMPDIFF(DAY, createDate, NOW()) < 1
                        THEN CONCAT(TIMESTAMPDIFF(HOUR, createDate, NOW()), '시간전')
                    ELSE CONCAT(TIMESTAMPDIFF(DAY, createDate, NOW()), '일전')
                    END AS relativeTime
            from test.post
          limit 2, 1 
2025-08-27 17:49:02.068 - INFO: [logger.js:246:9] service loader called.
2025-08-27 17:49:02.079 - INFO: [logger.js:246:9] controller loader called.
2025-08-27 17:49:02.080 - DEBUG: [logger.js:246:9] external_loader called.
2025-08-27 17:49:02.080 - DEBUG: [logger.js:246:9] No external configuration.
2025-08-27 17:49:02.257 - INFO: [logger.js:246:9] Http Server started.
2025-08-27 17:49:02.258 - INFO: [logger.js:246:9] Base URL -> http://localhost:8001
2025-08-27 17:49:02.258 - INFO: [logger.js:246:9] Namespace -> ::_8001_16508
2025-08-27 17:49:02.261 - DEBUG: [logger.js:246:9] database SQL file loaded.
2025-08-27 18:41:14.103 - INFO: [logger.js:246:9] service loader called.
2025-08-27 18:41:14.116 - INFO: [logger.js:246:9] controller loader called.
2025-08-27 18:41:14.116 - DEBUG: [logger.js:246:9] external_loader called.
2025-08-27 18:41:14.117 - DEBUG: [logger.js:246:9] No external configuration.
2025-08-27 18:41:14.291 - INFO: [logger.js:246:9] Http Server started.
2025-08-27 18:41:14.291 - INFO: [logger.js:246:9] Base URL -> http://localhost:8001
2025-08-27 18:41:14.292 - INFO: [logger.js:246:9] Namespace -> ::_8001_9932
2025-08-27 18:41:14.296 - DEBUG: [logger.js:246:9] database SQL file loaded.
2025-08-27 18:41:18.778 - INFO: [logger.js:246:9] service loader called.
2025-08-27 18:41:18.789 - INFO: [logger.js:246:9] controller loader called.
2025-08-27 18:41:18.790 - DEBUG: [logger.js:246:9] external_loader called.
2025-08-27 18:41:18.790 - DEBUG: [logger.js:246:9] No external configuration.
2025-08-27 18:41:18.967 - INFO: [logger.js:246:9] Http Server started.
2025-08-27 18:41:18.968 - INFO: [logger.js:246:9] Base URL -> http://localhost:8001
2025-08-27 18:41:18.968 - INFO: [logger.js:246:9] Namespace -> ::_8001_5640
2025-08-27 18:41:18.972 - DEBUG: [logger.js:246:9] database SQL file loaded.
2025-08-27 18:45:36.334 - INFO: [logger.js:246:9] service loader called.
2025-08-27 18:45:36.346 - INFO: [logger.js:246:9] controller loader called.
2025-08-27 18:45:36.347 - DEBUG: [logger.js:246:9] external_loader called.
2025-08-27 18:45:36.347 - DEBUG: [logger.js:246:9] No external configuration.
2025-08-27 18:45:36.531 - INFO: [logger.js:246:9] Http Server started.
2025-08-27 18:45:36.532 - INFO: [logger.js:246:9] Base URL -> http://localhost:8001
2025-08-27 18:45:36.532 - INFO: [logger.js:246:9] Namespace -> ::_8001_3032
2025-08-27 18:45:36.536 - DEBUG: [logger.js:246:9] database SQL file loaded.
2025-08-27 19:04:05.732 - INFO: [logger.js:246:9] service loader called.
2025-08-27 19:04:05.744 - INFO: [logger.js:246:9] controller loader called.
2025-08-27 19:04:05.745 - DEBUG: [logger.js:246:9] external_loader called.
2025-08-27 19:04:05.745 - DEBUG: [logger.js:246:9] No external configuration.
2025-08-27 19:04:05.923 - INFO: [logger.js:246:9] Http Server started.
2025-08-27 19:04:05.923 - INFO: [logger.js:246:9] Base URL -> http://localhost:8001
2025-08-27 19:04:05.924 - INFO: [logger.js:246:9] Namespace -> ::_8001_5248
2025-08-27 19:04:05.927 - DEBUG: [logger.js:246:9] database SQL file loaded.
